[    0.000000] Initializing cgroup subsys cpuset
[    0.000000] Initializing cgroup subsys cpu
[    0.000000] Initializing cgroup subsys cpuacct
[    0.000000] Linux version 4.4.0-159-generic (buildd@lgw01-amd64-042) (gcc version 5.4.0 20160609 (Ubuntu 5.4.0-6ubuntu1~16.04.10) ) #187-Ubuntu SMP Thu Aug 1 16:28:06 UTC 2019 (Ubuntu 4.4.0-159.187-generic 4.4.185)
[    0.000000] Command line: BOOT_IMAGE=/boot/vmlinuz-4.4.0-159-generic root=LABEL=cloudimg-rootfs ro console=tty1 console=ttyS0
[    0.000000] KERNEL supported cpus:
[    0.000000]   Intel GenuineIntel
[    0.000000]   AMD AuthenticAMD
[    0.000000]   Centaur CentaurHauls
[    0.000000] x86/fpu: xstate_offset[2]:  576, xstate_sizes[2]:  256
[    0.000000] x86/fpu: Supporting XSAVE feature 0x01: 'x87 floating point registers'
[    0.000000] x86/fpu: Supporting XSAVE feature 0x02: 'SSE registers'
[    0.000000] x86/fpu: Supporting XSAVE feature 0x04: 'AVX registers'
[    0.000000] x86/fpu: Enabled xstate features 0x7, context size is 832 bytes, using 'standard' format.
[    0.000000] e820: BIOS-provided physical RAM map:
[    0.000000] BIOS-e820: [mem 0x0000000000000000-0x000000000009fbff] usable
[    0.000000] BIOS-e820: [mem 0x000000000009fc00-0x000000000009ffff] reserved
[    0.000000] BIOS-e820: [mem 0x00000000000f0000-0x00000000000fffff] reserved
[    0.000000] BIOS-e820: [mem 0x0000000000100000-0x000000003ffeffff] usable
[    0.000000] BIOS-e820: [mem 0x000000003fff0000-0x000000003fffffff] ACPI data
[    0.000000] BIOS-e820: [mem 0x00000000fec00000-0x00000000fec00fff] reserved
[    0.000000] BIOS-e820: [mem 0x00000000fee00000-0x00000000fee00fff] reserved
[    0.000000] BIOS-e820: [mem 0x00000000fffc0000-0x00000000ffffffff] reserved
[    0.000000] NX (Execute Disable) protection: active
[    0.000000] SMBIOS 2.5 present.
[    0.000000] Hypervisor detected: KVM
[    0.000000] e820: last_pfn = 0x3fff0 max_arch_pfn = 0x400000000
[    0.000000] MTRR: Disabled
[    0.000000] x86/PAT: MTRRs disabled, skipping PAT initialization too.
[    0.000000] CPU MTRRs all blank - virtualized system.
[    0.000000] x86/PAT: Configuration [0-7]: WB  WT  UC- UC  WB  WT  UC- UC  
[    0.000000] found SMP MP-table at [mem 0x0009fff0-0x0009ffff] mapped at [ffff88000009fff0]
[    0.000000] Scanning 1 areas for low memory corruption
[    0.000000] RAMDISK: [mem 0x362f8000-0x37173fff]
[    0.000000] ACPI: Early table checksum verification disabled
[    0.000000] ACPI: RSDP 0x00000000000E0000 000024 (v02 VBOX  )
[    0.000000] ACPI: XSDT 0x000000003FFF0030 00003C (v01 VBOX   VBOXXSDT 00000001 ASL  00000061)
[    0.000000] ACPI: FACP 0x000000003FFF00F0 0000F4 (v04 VBOX   VBOXFACP 00000001 ASL  00000061)
[    0.000000] ACPI: DSDT 0x000000003FFF0470 002325 (v02 VBOX   VBOXBIOS 00000002 INTL 20100528)
[    0.000000] ACPI: FACS 0x000000003FFF0200 000040
[    0.000000] ACPI: FACS 0x000000003FFF0200 000040
[    0.000000] ACPI: APIC 0x000000003FFF0240 00005C (v02 VBOX   VBOXAPIC 00000001 ASL  00000061)
[    0.000000] ACPI: SSDT 0x000000003FFF02A0 0001CC (v01 VBOX   VBOXCPUT 00000002 INTL 20100528)
[    0.000000] No NUMA configuration found
[    0.000000] Faking a node at [mem 0x0000000000000000-0x000000003ffeffff]
[    0.000000] NODE_DATA(0) allocated [mem 0x3ffeb000-0x3ffeffff]
[    0.000000] kvm-clock: Using msrs 4b564d01 and 4b564d00
[    0.000000] kvm-clock: cpu 0, msr 0:3ffe3001, primary cpu clock
[    0.000000] kvm-clock: using sched offset of 3860463946 cycles
[    0.000000] clocksource: kvm-clock: mask: 0xffffffffffffffff max_cycles: 0x1cd42e4dffb, max_idle_ns: 881590591483 ns
[    0.000000] Zone ranges:
[    0.000000]   DMA      [mem 0x0000000000001000-0x0000000000ffffff]
[    0.000000]   DMA32    [mem 0x0000000001000000-0x000000003ffeffff]
[    0.000000]   Normal   empty
[    0.000000]   Device   empty
[    0.000000] Movable zone start for each node
[    0.000000] Early memory node ranges
[    0.000000]   node   0: [mem 0x0000000000001000-0x000000000009efff]
[    0.000000]   node   0: [mem 0x0000000000100000-0x000000003ffeffff]
[    0.000000] Initmem setup node 0 [mem 0x0000000000001000-0x000000003ffeffff]
[    0.000000] ACPI: PM-Timer IO Port: 0x4008
[    0.000000] IOAPIC[0]: apic_id 2, version 32, address 0xfec00000, GSI 0-23
[    0.000000] ACPI: INT_SRC_OVR (bus 0 bus_irq 0 global_irq 2 dfl dfl)
[    0.000000] ACPI: INT_SRC_OVR (bus 0 bus_irq 9 global_irq 9 low level)
[    0.000000] Using ACPI (MADT) for SMP configuration information
[    0.000000] smpboot: Allowing 2 CPUs, 0 hotplug CPUs
[    0.000000] PM: Registered nosave memory: [mem 0x00000000-0x00000fff]
[    0.000000] PM: Registered nosave memory: [mem 0x0009f000-0x0009ffff]
[    0.000000] PM: Registered nosave memory: [mem 0x000a0000-0x000effff]
[    0.000000] PM: Registered nosave memory: [mem 0x000f0000-0x000fffff]
[    0.000000] e820: [mem 0x40000000-0xfebfffff] available for PCI devices
[    0.000000] Booting paravirtualized kernel on KVM
[    0.000000] clocksource: refined-jiffies: mask: 0xffffffff max_cycles: 0xffffffff, max_idle_ns: 7645519600211568 ns
[    0.000000] setup_percpu: NR_CPUS:512 nr_cpumask_bits:512 nr_cpu_ids:2 nr_node_ids:1
[    0.000000] PERCPU: Embedded 34 pages/cpu @ffff88003fc00000 s99544 r8192 d31528 u1048576
[    0.000000] Built 1 zonelists in Node order, mobility grouping on.  Total pages: 257912
[    0.000000] Policy zone: DMA32
[    0.000000] Kernel command line: BOOT_IMAGE=/boot/vmlinuz-4.4.0-159-generic root=LABEL=cloudimg-rootfs ro console=tty1 console=ttyS0
[    0.000000] PID hash table entries: 4096 (order: 3, 32768 bytes)
[    0.000000] Memory: 997724K/1048120K available (8618K kernel code, 1335K rwdata, 4032K rodata, 1488K init, 1284K bss, 50396K reserved, 0K cma-reserved)
[    0.000000] SLUB: HWalign=64, Order=0-3, MinObjects=0, CPUs=2, Nodes=1
[    0.000000] Kernel/User page tables isolation: enabled
[    0.000000] Hierarchical RCU implementation.
[    0.000000] 	Build-time adjustment of leaf fanout to 64.
[    0.000000] 	RCU restricting CPUs from NR_CPUS=512 to nr_cpu_ids=2.
[    0.000000] RCU: Adjusting geometry for rcu_fanout_leaf=64, nr_cpu_ids=2
[    0.000000] NR_IRQS:33024 nr_irqs:440 16
[    0.000000] Console: colour VGA+ 80x25
[    0.000000] console [tty1] enabled
[    0.000000] console [ttyS0] enabled
[    0.000000] tsc: Detected 1896.002 MHz processor
[    0.200642] Calibrating delay loop (skipped) preset value.. 3792.00 BogoMIPS (lpj=7584008)
[    0.202724] pid_max: default: 32768 minimum: 301
[    0.203826] ACPI: Core revision 20150930
[    0.206834] ACPI: 2 ACPI AML tables successfully acquired and loaded
[    0.208446] Security Framework initialized
[    0.209423] Yama: becoming mindful.
[    0.210324] AppArmor: AppArmor initialized
[    0.211426] Dentry cache hash table entries: 131072 (order: 8, 1048576 bytes)
[    0.227115] Inode-cache hash table entries: 65536 (order: 7, 524288 bytes)
[    0.228753] Mount-cache hash table entries: 2048 (order: 2, 16384 bytes)
[    0.230196] Mountpoint-cache hash table entries: 2048 (order: 2, 16384 bytes)
[    0.231808] Initializing cgroup subsys io
[    0.232828] Initializing cgroup subsys memory
[    0.233886] Initializing cgroup subsys devices
[    0.234949] Initializing cgroup subsys freezer
[    0.236016] Initializing cgroup subsys net_cls
[    0.237099] Initializing cgroup subsys perf_event
[    0.238228] Initializing cgroup subsys net_prio
[    0.239306] Initializing cgroup subsys hugetlb
[    0.240374] Initializing cgroup subsys pids
[    0.242565] mce: CPU supports 0 MCE banks
[    0.243596] Last level iTLB entries: 4KB 64, 2MB 8, 4MB 8
[    0.244808] Last level dTLB entries: 4KB 64, 2MB 0, 4MB 0, 1GB 4
[    0.246117] Spectre V1 : Mitigation: usercopy/swapgs barriers and __user pointer sanitization
[    0.248089] Spectre V2 : Mitigation: Full generic retpoline
[    0.249337] Spectre V2 : Spectre v2 / SpectreRSB mitigation: Filling RSB on context switch
[    0.251272] Speculative Store Bypass: Vulnerable
[    0.252431] MDS: Mitigation: Clear CPU buffers
[    0.256679] Freeing SMP alternatives memory: 36K
[    0.264067] ftrace: allocating 32318 entries in 127 pages
[    0.340270] smpboot: APIC(0) Converting physical 0 to logical package 0
[    0.341743] smpboot: Max logical packages: 1
[    0.343104] x2apic enabled
[    0.344228] Switched APIC routing to physical x2apic.
[    0.346763] ..TIMER: vector=0x30 apic1=0 pin1=2 apic2=-1 pin2=-1
[    0.456569] smpboot: CPU0: Intel(R) Core(TM) i5-8350U CPU @ 1.70GHz (family: 0x6, model: 0x8e, stepping: 0xa)
[    0.459083] Performance Events: unsupported p6 CPU model 142 no PMU driver, software events only.
[    0.469931] KVM setup paravirtual spinlock
[    0.471543] x86: Booting SMP configuration:
[    0.472667] .... node  #0, CPUs:      #1
[    0.473691] kvm-clock: cpu 1, msr 0:3ffe3041, secondary cpu clock
[    0.475609] mce: CPU supports 0 MCE banks
[    0.478187] x86: Booted up 1 node, 2 CPUs
[    0.479446] smpboot: Total of 2 processors activated (7584.00 BogoMIPS)
[    0.481433] devtmpfs: initialized
[    0.483924] evm: security.selinux
[    0.484837] evm: security.SMACK64
[    0.485711] evm: security.SMACK64EXEC
[    0.486638] evm: security.SMACK64TRANSMUTE
[    0.487722] evm: security.SMACK64MMAP
[    0.488652] evm: security.ima
[    0.489489] evm: security.capability
[    0.490656] clocksource: jiffies: mask: 0xffffffff max_cycles: 0xffffffff, max_idle_ns: 7645041785100000 ns
[    0.492819] futex hash table entries: 512 (order: 3, 32768 bytes)
[    0.494328] pinctrl core: initialized pinctrl subsystem
[    0.495569] RTC time:  3:57:38, date: 07/07/20
[    0.496822] NET: Registered protocol family 16
[    0.509748] cpuidle: using governor ladder
[    0.523499] cpuidle: using governor menu
[    0.524706] PCCT header not found.
[    0.525686] ACPI: bus type PCI registered
[    0.526710] acpiphp: ACPI Hot Plug PCI Controller Driver version: 0.5
[    0.528201] PCI: Using configuration type 1 for base access
[    0.542638] ACPI: Added _OSI(Module Device)
[    0.543698] ACPI: Added _OSI(Processor Device)
[    0.544784] ACPI: Added _OSI(3.0 _SCP Extensions)
[    0.545896] ACPI: Added _OSI(Processor Aggregator Device)
[    0.547854] ACPI: Executed 1 blocks of module-level executable AML code
[    0.551594] ACPI: Interpreter enabled
[    0.552531] ACPI: (supports S0 S5)
[    0.553418] ACPI: Using IOAPIC for interrupt routing
[    0.554908] PCI: Using host bridge windows from ACPI; if necessary, use "pci=nocrs" and report a bug
[    0.560732] ACPI: PCI Root Bridge [PCI0] (domain 0000 [bus 00-ff])
[    0.562140] acpi PNP0A03:00: _OSC: OS supports [ASPM ClockPM Segments MSI]
[    0.563908] acpi PNP0A03:00: _OSC: not requesting OS control; OS requires [ExtendedConfig ASPM ClockPM MSI]
[    0.566094] acpi PNP0A03:00: fail to add MMCONFIG information, can't access extended PCI configuration space under this bridge.
[    0.568880] PCI host bridge to bus 0000:00
[    0.569896] pci_bus 0000:00: root bus resource [io  0x0000-0x0cf7 window]
[    0.571327] pci_bus 0000:00: root bus resource [io  0x0d00-0xffff window]
[    0.572894] pci_bus 0000:00: root bus resource [mem 0x000a0000-0x000bffff window]
[    0.574753] pci_bus 0000:00: root bus resource [mem 0x40000000-0xfdffffff window]
[    0.576637] pci_bus 0000:00: root bus resource [bus 00-ff]
[    0.579709] pci 0000:00:01.1: legacy IDE quirk: reg 0x10: [io  0x01f0-0x01f7]
[    0.581291] pci 0000:00:01.1: legacy IDE quirk: reg 0x14: [io  0x03f6]
[    0.582826] pci 0000:00:01.1: legacy IDE quirk: reg 0x18: [io  0x0170-0x0177]
[    0.584296] pci 0000:00:01.1: legacy IDE quirk: reg 0x1c: [io  0x0376]
[    0.610330] pci 0000:00:07.0: quirk: [io  0x4000-0x403f] claimed by PIIX4 ACPI
[    0.612174] pci 0000:00:07.0: quirk: [io  0x4100-0x410f] claimed by PIIX4 SMB
[    0.621076] ACPI: PCI Interrupt Link [LNKA] (IRQs 5 9 10 *11)
[    0.623036] ACPI: PCI Interrupt Link [LNKB] (IRQs 5 9 *10 11)
[    0.624716] ACPI: PCI Interrupt Link [LNKC] (IRQs 5 *9 10 11)
[    0.626461] ACPI: PCI Interrupt Link [LNKD] (IRQs 5 9 10 *11)
[    0.628340] ACPI: Enabled 2 GPEs in block 00 to 07
[    0.629867] vgaarb: setting as boot device: PCI:0000:00:02.0
[    0.631117] vgaarb: device added: PCI:0000:00:02.0,decodes=io+mem,owns=io+mem,locks=none
[    0.633123] vgaarb: loaded
[    0.633908] vgaarb: bridge control possible 0000:00:02.0
[    0.635312] SCSI subsystem initialized
[    0.636421] ACPI: bus type USB registered
[    0.637474] usbcore: registered new interface driver usbfs
[    0.638708] usbcore: registered new interface driver hub
[    0.639907] usbcore: registered new device driver usb
[    0.641215] PCI: Using ACPI for IRQ routing
[    0.658343] NetLabel: Initializing
[    0.659292] NetLabel:  domain hash size = 128
[    0.660314] NetLabel:  protocols = UNLABELED CIPSOv4
[    0.661641] NetLabel:  unlabeled traffic allowed by default
[    0.663185] amd_nb: Cannot enumerate AMD northbridges
[    0.664345] clocksource: Switched to clocksource kvm-clock
[    0.699326] AppArmor: AppArmor Filesystem Enabled
[    0.700578] pnp: PnP ACPI init
[    0.702767] pnp: PnP ACPI: found 3 devices
[    0.713598] clocksource: acpi_pm: mask: 0xffffff max_cycles: 0xffffff, max_idle_ns: 2085701024 ns
[    0.715758] NET: Registered protocol family 2
[    0.716950] TCP established hash table entries: 8192 (order: 4, 65536 bytes)
[    0.718513] TCP bind hash table entries: 8192 (order: 5, 131072 bytes)
[    0.719895] TCP: Hash tables configured (established 8192 bind 8192)
[    0.721287] UDP hash table entries: 512 (order: 2, 16384 bytes)
[    0.722577] UDP-Lite hash table entries: 512 (order: 2, 16384 bytes)
[    0.723959] NET: Registered protocol family 1
[    0.725047] pci 0000:00:00.0: Limiting direct PCI/PCI transfers
[    0.726359] pci 0000:00:01.0: Activating ISA DMA hang workarounds
[    0.727801] Unpacking initramfs...
[    1.195807] Freeing initrd memory: 14832K
[    1.196944] clocksource: tsc: mask: 0xffffffffffffffff max_cycles: 0x36a8d617cd5, max_idle_ns: 881590553509 ns
[    1.206120] platform rtc_cmos: registered platform RTC device (no PNP device found)
[    1.207996] Scanning for low memory corruption every 60 seconds
[    1.209953] audit: initializing netlink subsys (disabled)
[    1.211246] audit: type=2000 audit(1594094263.946:1): initialized
[    1.212786] Initialise system trusted keyring
[    1.214128] HugeTLB registered 2 MB page size, pre-allocated 0 pages
[    1.216675] zbud: loaded
[    1.217919] VFS: Disk quotas dquot_6.6.0
[    1.218937] VFS: Dquot-cache hash table entries: 512 (order 0, 4096 bytes)
[    1.220587] squashfs: version 4.0 (2009/01/31) Phillip Lougher
[    1.222350] fuse init (API version 7.23)
[    1.223574] Key type big_key registered
[    1.224622] Allocating IMA MOK and blacklist keyrings.
[    1.228250] Key type asymmetric registered
[    1.229444] Asymmetric key parser 'x509' registered
[    1.230686] Block layer SCSI generic (bsg) driver version 0.4 loaded (major 249)
[    1.232557] io scheduler noop registered
[    1.233551] io scheduler deadline registered (default)
[    1.234769] io scheduler cfq registered
[    1.235817] pci_hotplug: PCI Hot Plug PCI Core version: 0.5
[    1.237158] pciehp: PCI Express Hot Plug Controller Driver version: 0.4
[    1.238674] ACPI: AC Adapter [AC] (on-line)
[    1.239756] input: Power Button as /devices/LNXSYSTM:00/LNXPWRBN:00/input/input0
[    1.241626] ACPI: Power Button [PWRF]
[    1.242641] input: Sleep Button as /devices/LNXSYSTM:00/LNXSLPBN:00/input/input1
[    1.244440] ACPI: Sleep Button [SLPF]
[    1.245629] GHES: HEST is not enabled!
[    1.246284] ACPI: Battery Slot [BAT0] (battery present)
[    1.248029] Serial: 8250/16550 driver, 32 ports, IRQ sharing enabled
[    1.270091] 00:02: ttyS0 at I/O 0x3f8 (irq = 4, base_baud = 115200) is a 16550A
[    1.275476] Linux agpgart interface v0.103
[    1.278216] loop: module loaded
[    1.279618] scsi host0: ata_piix
[    1.280663] scsi host1: ata_piix
[    1.281576] ata1: PATA max UDMA/33 cmd 0x1f0 ctl 0x3f6 bmdma 0xd000 irq 14
[    1.283034] ata2: PATA max UDMA/33 cmd 0x170 ctl 0x376 bmdma 0xd008 irq 15
[    1.284597] libphy: Fixed MDIO Bus: probed
[    1.285662] tun: Universal TUN/TAP device driver, 1.6
[    1.286836] tun: (C) 1999-2004 Max Krasnyansky <maxk@qualcomm.com>
[    1.288380] PPP generic driver version 2.4.2
[    1.289726] ehci_hcd: USB 2.0 'Enhanced' Host Controller (EHCI) Driver
[    1.291136] ehci-pci: EHCI PCI platform driver
[    1.292307] ehci-platform: EHCI generic platform driver
[    1.293526] ohci_hcd: USB 1.1 'Open' Host Controller (OHCI) Driver
[    1.294867] ohci-pci: OHCI PCI platform driver
[    1.295964] ohci-platform: OHCI generic platform driver
[    1.297186] uhci_hcd: USB Universal Host Controller Interface driver
[    1.298588] i8042: PNP: PS/2 Controller [PNP0303:PS2K,PNP0f03:PS2M] at 0x60,0x64 irq 1,12
[    1.301027] serio: i8042 KBD port at 0x60,0x64 irq 1
[    1.302212] serio: i8042 AUX port at 0x60,0x64 irq 12
[    1.303716] mousedev: PS/2 mouse device common for all mice
[    1.305562] input: AT Translated Set 2 keyboard as /devices/platform/i8042/serio0/input/input2
[    1.308120] rtc_cmos rtc_cmos: rtc core: registered rtc_cmos as rtc0
[    1.309675] rtc_cmos rtc_cmos: alarms up to one day, 114 bytes nvram
[    1.311052] i2c /dev entries driver
[    1.312068] device-mapper: uevent: version 1.0.3
[    1.313503] device-mapper: ioctl: 4.34.0-ioctl (2015-10-28) initialised: dm-devel@redhat.com
[    1.315495] ledtrig-cpu: registered to indicate activity on CPUs
[    1.317494] NET: Registered protocol family 10
[    1.318877] NET: Registered protocol family 17
[    1.320069] Key type dns_resolver registered
[    1.321976] registered taskstats version 1
[    1.323028] Loading compiled-in X.509 certificates
[    1.324606] Loaded X.509 cert 'Build time autogenerated kernel key: d14182f9795b80ec340f636a5a08bf5817ccd8e7'
[    1.326864] zswap: loaded using pool lzo/zbud
[    1.329507] Key type trusted registered
[    1.333332] Key type encrypted registered
[    1.334529] AppArmor: AppArmor sha1 policy hashing enabled
[    1.335792] ima: No TPM chip found, activating TPM-bypass!
[    1.337113] ima: Allocated hash algorithm: sha1
[    1.338209] evm: HMAC attrs: 0x1
[    1.339494]   Magic number: 12:289:967
[    1.340576] rtc_cmos rtc_cmos: setting system clock to 2020-07-07 03:57:39 UTC (1594094259)
[    1.342737] BIOS EDD facility v0.16 2004-Jun-25, 0 devices found
[    1.344043] EDD information not available.
[    1.501482] Freeing unused kernel memory: 1488K
[    1.502590] Write protecting the kernel read-only data: 14336k
[    1.504272] Freeing unused kernel memory: 1608K
[    1.505635] Freeing unused kernel memory: 64K
Loading, please wait...
starting version 229
[    1.519331] random: systemd-udevd: uninitialized urandom read (16 bytes read, 3 bits of entropy available)
[    1.519738] random: udevadm: uninitialized urandom read (16 bytes read, 3 bits of entropy available)
[    1.519753] random: udevadm: uninitialized urandom read (16 bytes read, 3 bits of entropy available)
[    1.525961] random: systemd-udevd: uninitialized urandom read (16 bytes read, 3 bits of entropy available)
[    1.527007] random: udevadm: uninitialized urandom read (16 bytes read, 3 bits of entropy available)
[    1.527041] random: udevadm: uninitialized urandom read (16 bytes read, 3 bits of entropy available)
[    1.527161] random: udevadm: uninitialized urandom read (16 bytes read, 3 bits of entropy available)
[    1.527204] random: udevadm: uninitialized urandom read (16 bytes read, 3 bits of entropy available)
[    1.527248] random: udevadm: uninitialized urandom read (16 bytes read, 3 bits of entropy available)
[    1.527292] random: udevadm: uninitialized urandom read (16 bytes read, 3 bits of entropy available)
[    1.567712] e1000: Intel(R) PRO/1000 Network Driver - version 7.3.21-k8-NAPI
[    1.569923] e1000: Copyright (c) 1999-2006 Intel Corporation.
[    1.571326] Fusion MPT base driver 3.04.20
[    1.572326] Copyright (c) 1999-2008 LSI Corporation
[    1.576495] Fusion MPT SPI Host driver 3.04.20
[    1.593055] AVX2 version of gcm_enc/dec engaged.
[    1.594210] AES CTR mode by8 optimization enabled
[    1.802856] input: ImExPS/2 Generic Explorer Mouse as /devices/platform/i8042/serio1/input/input4
[    2.153765] e1000 0000:00:03.0 eth0: (PCI:33MHz:32-bit) 02:6a:5b:40:72:6f
[    2.155241] e1000 0000:00:03.0 eth0: Intel(R) PRO/1000 Network Connection
[    2.157459] mptbase: ioc0: Initiating bringup
[    3.124786] ioc0: LSI53C1030 A0: Capabilities={Initiator}
[    5.378034] scsi host2: ioc0: LSI53C1030 A0, FwRev=00000000h, Ports=1, MaxQ=256, IRQ=20
[    8.213122] scsi 2:0:0:0: Direct-Access     VBOX     HARDDISK         1.0  PQ: 0 ANSI: 5
[    8.215189] scsi target2:0:0: Beginning Domain Validation
[    8.219617] scsi target2:0:0: Domain Validation skipping write tests
[    8.221097] scsi target2:0:0: Ending Domain Validation
[    8.222321] scsi target2:0:0: asynchronous
[    8.224081] scsi 2:0:1:0: Direct-Access     VBOX     HARDDISK         1.0  PQ: 0 ANSI: 5
[    8.227002] scsi target2:0:1: Beginning Domain Validation
[    8.230509] scsi target2:0:1: Domain Validation skipping write tests
[    8.231831] scsi target2:0:1: Ending Domain Validation
[    8.233138] scsi target2:0:1: asynchronous
[    8.240289] sd 2:0:0:0: [sda] 20971520 512-byte logical blocks: (10.7 GB/10.0 GiB)
[    8.240485] sd 2:0:0:0: Attached scsi generic sg0 type 0
[    8.259747] sd 2:0:0:0: [sda] Write Protect is off
[    8.261236] sd 2:0:0:0: [sda] Incomplete mode parameter data
[    8.262607] sd 2:0:0:0: [sda] Assuming drive cache: write through
[    8.264300] sd 2:0:1:0: [sdb] 20480 512-byte logical blocks: (10.5 MB/10.0 MiB)
[    8.266679] sd 2:0:1:0: [sdb] Write Protect is off
[    8.266981] sd 2:0:1:0: Attached scsi generic sg1 type 0
[    8.269506] sd 2:0:1:0: [sdb] Incomplete mode parameter data
[    8.270886] sd 2:0:1:0: [sdb] Assuming drive cache: write through
[    8.277957]  sda: sda1
[    8.280005] sd 2:0:0:0: [sda] Attached SCSI disk
[    8.285779] sd 2:0:1:0: [sdb] Attached SCSI disk
[    9.116148] e1000 0000:00:08.0 eth1: (PCI:33MHz:32-bit) 08:00:27:1f:46:f7
[    9.117596] e1000 0000:00:08.0 eth1: Intel(R) PRO/1000 Network Connection
[    9.120015] e1000 0000:00:08.0 enp0s8: renamed from eth1
[    9.137536] e1000 0000:00:03.0 enp0s3: renamed from eth0
Begin: Loading essential drivers ... [   10.587743] md: linear personality registered for level -1
[   10.591424] md: multipath personality registered for level -4
[   10.595511] md: raid0 personality registered for level 0
[   10.600591] md: raid1 personality registered for level 1
[   10.672793] raid6: sse2x1   gen() 11729 MB/s
[   10.740579] raid6: sse2x1   xor()  9139 MB/s
[   10.808421] raid6: sse2x2   gen() 12273 MB/s
[   10.876488] raid6: sse2x2   xor() 10426 MB/s
[   10.944588] raid6: sse2x4   gen() 17133 MB/s
[   11.012457] raid6: sse2x4   xor() 11357 MB/s
[   11.080712] raid6: avx2x1   gen() 23871 MB/s
[   11.148792] raid6: avx2x2   gen() 27125 MB/s
[   11.216425] raid6: avx2x4   gen() 29285 MB/s
[   11.217474] raid6: using algorithm avx2x4 gen() 29285 MB/s
[   11.218746] raid6: using avx2x2 recovery algorithm
[   11.221030] xor: automatically using best checksumming function:
[   11.260365]    avx       : 24961.000 MB/sec
[   11.262467] async_tx: api initialized (async)
[   11.273286] md: raid6 personality registered for level 6
[   11.274518] md: raid5 personality registered for level 5
[   11.275697] md: raid4 personality registered for level 4
[   11.282341] md: raid10 personality registered for level 10
done.
Begin: Running /scripts/init-premount ... done.
Begin: Mounting root file system ... Begin: Running /scripts/local-top ... done.
Begin: Running /scripts/local-premount ... [   11.312181] Btrfs loaded
Scanning for Btrfs filesystems
done.
Warning: fsck not present, so skipping root file system
[   11.375234] EXT4-fs (sda1): mounted filesystem with ordered data mode. Opts: (null)
done.
Begin: Running /scripts/local-bottom ... done.
Begin: Running /scripts/init-bottom ... done.
[   11.708287] systemd[1]: systemd 229 running in system mode. (+PAM +AUDIT +SELINUX +IMA +APPARMOR +SMACK +SYSVINIT +UTMP +LIBCRYPTSETUP +GCRYPT +GNUTLS +ACL +XZ -LZ4 +SECCOMP +BLKID +ELFUTILS +KMOD -IDN)
[   11.718640] systemd[1]: Detected virtualization oracle.
[   11.720135] systemd[1]: Detected architecture x86-64.

Welcome to [1mUbuntu 16.04.6 LTS[0m!

[   11.746668] systemd[1]: Set hostname to <ubuntu>.
[   11.760259] systemd[1]: Initializing machine ID from random generator.
[   11.761794] systemd[1]: Installed transient /etc/machine-id file.
[   12.114733] systemd[1]: Listening on udev Control Socket.
[[0;32m  OK  [0m] Listening on udev Control Socket.
[   12.116914] systemd[1]: Reached target Encrypted Volumes.
[[0;32m  OK  [0m] Reached target Encrypted Volumes.
[   12.134098] systemd[1]: Listening on Journal Socket (/dev/log).
[[0;32m  OK  [0m] Listening on Journal Socket (/dev/log).
[   12.199511] systemd[1]: Listening on udev Kernel Socket.
[[0;32m  OK  [0m] Listening on udev Kernel Socket.
[   12.232090] systemd[1]: Reached target User and Group Name Lookups.
[[0;32m  OK  [0m] Reached target User and Group Name Lookups.
[   12.234479] systemd[1]: Listening on Journal Audit Socket.
[[0;32m  OK  [0m] Listening on Journal Audit Socket.
[   12.438394] systemd[1]: Listening on Journal Socket.
[[0;32m  OK  [0m] Listening on Journal Socket.
[   12.456785] systemd[1]: Listening on Device-mapper event daemon FIFOs.
[[0;32m  OK  [0m] Listening on Device-mapper event daemon FIFOs.
[   12.459219] systemd[1]: Started Forward Password Requests to Wall Directory Watch.
[[0;32m  OK  [0m] Started Forward Password Requests to Wall Directory Watch.
[   12.480280] systemd[1]: Started Trigger resolvconf update for networkd DNS.
[[0;32m  OK  [0m] Started Trigger resolvconf update for networkd DNS.
[   12.493658] systemd[1]: Reached target System Time Synchronized.
[[0;32m  OK  [0m] Reached target System Time Synchronized.
[   13.100629] systemd[1]: Listening on LVM2 metadata daemon socket.
[[0;32m  OK  [0m] Listening on LVM2 metadata daemon socket.
[   13.108956] systemd[1]: Reached target Swap.
[[0;32m  OK  [0m] Reached target Swap.
[   13.130475] systemd[1]: Set up automount Arbitrary Executable File Formats File System Automount Point.
[[0;32m  OK  [0m] Set up automount Arbitrary Executab...ats File System Automount Point.
[   13.134831] systemd[1]: Listening on /dev/initctl Compatibility Named Pipe.
[[0;32m  OK  [0m] Listening on /dev/initctl Compatibility Named Pipe.
[   13.198709] systemd[1]: Created slice System Slice.
[[0;32m  OK  [0m] Created slice System Slice.
[   13.229158] systemd[1]: Mounting Huge Pages File System...
         Mounting Huge Pages File System.[   13.231251] random: nonblocking pool is initialized
..
[   13.237226] systemd[1]: Starting Remount Root and Kernel File Systems...
         Starting Remount Root and Kernel File Systems...
[   13.240303] systemd[1]: Starting Set console keymap...
[   13.241724] EXT4-fs (sda1): re-mounted. Opts: (null)
         Starting Set console keymap...
[   13.249276] systemd[1]: Starting Create list of required static device nodes for the current kernel...
         Starting Create list of required st... nodes for the current kernel...
[   13.260930] systemd[1]: Created slice system-serial\x2dgetty.slice.
[[0;32m  OK  [0m] Created slice system-serial\x2dgetty.slice.
[   13.269045] systemd[1]: Mounting POSIX Message Queue File System...
         Mounting POSIX Message Queue File System...
[   13.271721] systemd[1]: Starting Nameserver information manager...
         Starting Nameserver information manager...
[   13.288634] systemd[1]: Starting Monitoring of LVM2 mirrors, snapshots etc. using dmeventd or progress polling...
         Starting Monitoring of LVM2 mirrors... dmeventd or progress polling...
[   13.344974] systemd[1]: Starting Load Kernel Modules...
         Starting Load Kernel Modules...
[   13.362426] systemd[1]: Listening on Syslog Socket.
[[0;32m  OK  [0m] Listening on Syslog Socket.
[   13.373996] systemd[1]: Starting Journal Service...
         Starting Journal Service...
[   13.376109] systemd[1]: Created slice User and Session Slice.
[[0;32m  OK  [0m] Created slice User and Session Slice.
[   13.378132] systemd[1]: Reached target Slices.
[[0;32m  OK  [0m] Reached target Slices.
[   13.388592] systemd[1]: Listening on LVM2 poll daemon socket.
[[0;32m  OK  [0m] Listening on LVM2 poll daemon socket.
[   13.391179] systemd[1]: Starting Uncomplicated firewall...
         Starting Uncomplicated firewall...
[   13.393893] systemd[1]: Mounting Debug File System...
         Mounting Debug File System...
[   13.397644] systemd[1]: Mounted Huge Pages File System.
[[0;32m  OK  [0m] Mounted Huge Pages File System.
[   13.399834] systemd[1]: Mounted POSIX Message Queue File System.
[[0;32m  OK  [0m] Mounted POSIX Message Queue File System.
[   13.420563] systemd[1]: Mounted Debug File System.
[[0;32m  OK  [0m] Mounted Debug File System.
[   13.422878] Loading iSCSI transport class v2.0-870.
[   13.423030] systemd[1]: Started Remount Root and Kernel File Systems.
[[0;32m  OK  [0m] Started Remount Root and Kernel File Systems.
[   13.433332] systemd[1]: Started Set console keymap.
[[0;32m  OK  [0m] Started Set console keymap.
[   13.441952] systemd[1]: Started Create list of required static device nodes for the current kernel.
[[0;32m  OK  [0m] Started Create list of required sta...ce nodes for the current kernel.
[   13.445877] systemd[1]: Started Uncomplicated firewall.
[[0;32m  OK  [0m] Started Uncomplicated firewall.
[   13.451001] iscsi: registered transport (tcp)
[   13.457168] systemd[1]: Started Nameserver information manager.
[[0;32m  OK  [0m] Started Nameserver information manager.
[   13.472916] systemd[1]: Started Journal Service.
[[0;32m  OK  [0m] Started Journal Service.
[   13.500656] iscsi: registered transport (iser)
[[0;32m  OK  [0m] Started LVM2 metadata daemon.
         Starting Create Static Device Nodes in /dev...
         Starting Flush Journal to Persistent Storage...
         Starting udev Coldplug all Devices...
         Starting Load/Save Random Seed...
[[0;32m  OK  [0m] Started Load Kernel Modules.
[[0;32m  OK  [0m] Started Load/Save Random Seed.
[   13.583737] systemd-journald[404]: Received request to flush runtime journal from PID 1
         Mounting FUSE Control File System...
         Starting Apply Kernel Variables...
[[0;32m  OK  [0m] Mounted FUSE Control File System.
[[0;32m  OK  [0m] Started Create Static Device Nodes in /dev.
[[0;32m  OK  [0m] Started Flush Journal to Persistent Storage.
[[0;32m  OK  [0m] Started Apply Kernel Variables.
         Starting udev Kernel Device Manager...
[[0;32m  OK  [0m] Started udev Coldplug all Devices.
[[0;32m  OK  [0m] Started udev Kernel Device Manager.
[[0;32m  OK  [0m] Started Dispatch Password Requests to Console Directory Watch.
[[0;32m  OK  [0m] Started Monitoring of LVM2 mirrors,...ng dmeventd or progress polling.
[[0;32m  OK  [0m] Reached target Local File Systems (Pre).
[[0;32m  OK  [0m] Reached target Local File Systems.
         Starting Create Volatile Files and Directories...
         Starting Commit a transient machine-id on disk...
         Starting Tell Plymouth To Write Out Runtime Data...
         Starting LSB: AppArmor initialization...
         Starting Initial cloud-init job (pre-networking)...
         Starting Set console font and keymap...
[[0;32m  OK  [0m] Started Create Volatile Files and Directories.
[[0;32m  OK  [0m] Started Commit a transient machine-id on disk.
[[0;32m  OK  [0m] Found device /dev/ttyS0.
         Starting Update UTMP about System Boot/Shutdown...
[[0;32m  OK  [0m] Started Tell Plymouth To Write Out Runtime Data.
[[0;32m  OK  [0m] Started Update UTMP about System Boot/Shutdown.
[[0;32m  OK  [0m] Listening on Load/Save RF Kill Switch Status /dev/rfkill Watch.
[   15.643387] cloud-init[508]: Cloud-init v. 19.1-1-gbaa47854-0ubuntu1~16.04.1 running 'init-local' at Tue, 07 Jul 2020 03:57:53 +0000. Up 14.99 seconds.
[[0;32m  OK  [0m] Started Initial cloud-init job (pre-networking).
[[0;32m  OK  [0m] Reached target Network (Pre).
[[0;32m  OK  [0m] Started Set console font and keymap.
[[0;32m  OK  [0m] Created slice system-getty.slice.
[[0;32m  OK  [0m] Started LSB: AppArmor initialization.
         Starting Raise network interfaces...
[[0;32m  OK  [0m] Started Raise network interfaces.
         Starting Initial cloud-init job (metadata service crawler)...
[[0;32m  OK  [0m] Reached target Network.
[   17.425984] cloud-init[974]: Cloud-init v. 19.1-1-gbaa47854-0ubuntu1~16.04.1 running 'init' at Tue, 07 Jul 2020 03:57:55 +0000. Up 16.95 seconds.
[   17.432532] cloud-init[974]: ci-info: ++++++++++++++++++++++++++++++++++++++Net device info+++++++++++++++++++++++++++++++++++++++
[   17.433960] cloud-init[974]: ci-info: +--------+-------+----------------------------+---------------+--------+-------------------+
[   17.440308] cloud-init[974]: ci-info: | Device |   Up  |          Address           |      Mask     | Scope  |     Hw-Address    |
[   17.448633] cloud-init[974]: ci-info: +--------+-------+----------------------------+---------------+--------+-------------------+
[   17.456433] cloud-init[974]: ci-info: | enp0s3 |  True |         10.0.2.15          | 255.255.255.0 | global | 02:6a:5b:40:72:6f |
[[0;32m  OK  [0m] Started Initial cloud-init job (metadata service crawler).
[[0;32m  OK  [0m] Reached target Network is Online.
[   17.464691] cloud-init[974]: ci-info: | enp0s3 |  True | fe80::6a:5bff:fe40:726f/64 |       .       |  link  | 02:6a:5b:40:72:6f |
[   17.476445] cloud-init[974]: ci-info: | enp0s8 | False |             .              |       .       |   .    | 08:00:27:1f:46:f7 |
[   17.484215] cloud-init[974]: ci-info: |   lo   |  True |         127.0.0.1          |   255.0.0.0   |  host  |         .         |
[   17.484398]          cloud-initStarting iSCSI initiator daemon (iscsid)...[974]: 
ci-info: |   lo   |  True |          ::1/128           |       .       |  host  |         .         |
[   17.496657] cloud-init[974]: ci-info: +--------+-------+----------------------------+---------------+--------+-------------------+
[   17.496887] cloud-init[[974]: [0;32m  OK  [0mci-info: +++++++++++++++++++++++++++Route IPv4 info++++++++++++++++++++++++++++] 
Reached target System Initialization.
         [   17.496937] cloud-init[974]: ci-info: +-------+-------------+----------+---------------+-----------+-------+
[   17.505482] cloud-init[974]: ci-info: | Route | Destination | Gateway  |    Genmask    | Interface | Flags |
Starting Socket activation for snappy daemon.
[   17.505593] cloud-init[974]: ci-info: +-------+-------------+----------+---------------+-----------+-------+
[[0;32m  OK  [0m] Listening on D-Bus System Message Bus Socket.
[   17.507292] cloud-init[974]: ci-info: |   0   |   0.0.0.0   | 10.0.2.2 |    0.0.0.0    |   enp0s3  |   UG  |
[   17.509872] cloud-init[974]: ci-info: |   1   |   10.0.2.0  | 0.0.0.0  | 255.255.255.0 |   enp0s3  |   U   |
[   17.511324] cloud-init[974]: ci-info: +-------+-------------+----------+---------------+-----------+-------+
[   17.511477] cloud-init[974]: ci-info: +++++++++++++++++++Route IPv6 info+++++++++++++++++++
[   17.511766] cloud-init[974]: ci-info: +-------+-------------+---------+-----------+-------+
[   17.512391] cloud-init[974]: ci-info: | Route | Destination | Gateway | Interface | Flags |
[   17.512673] cloud-init[974]: ci-info: +-------+-------------+---------+-----------+-------+
[   17.512962] cloud-init[974]: ci-info: |   0   |  fe80::/64  |    ::   |   enp0s3  |   U   |
[   17.513166] cloud-init[974]: ci-info: |   3   |   ff00::/8  |    ::   |   enp0s3  |   U   |
[   17.513479] cloud-init[974]: ci-info: +-------+-------------+---------+-----------+-------+
[   17.513754] cloud-init[974]: Generating public/private rsa key pair.
[   17.514035] cloud-init[974]: Your identification has been saved in /etc/ssh/ssh_host_rsa_key.
[   17.514322] cloud-init[974]: Your public key has been saved in /etc/ssh/ssh_host_rsa_key.pub.
[   17.514598] cloud-init[974]: The key fingerprint is:
[   17.514879] cloud-init[974]: SHA256:VL/ptOuEBW+Iuk97Kh+7YtrzFW7MRXo5O4AAUYCpkGE root@ubuntu-xenial
[   17.515161] cloud-init[974]: The key's randomart image is:
[   17.515448] cloud-init[974]: +---[RSA 2048]----+
[   17.515728] cloud-init[974]: |.E o++.   .      |
[   17.516443] cloud-init[974]: |+ o  .   . .     |
[   17.516719] cloud-init[974]: |..    . . . o    |
[   17.517001] cloud-init[974]: |.      o o * +   |
[   17.517287] cloud-init[974]: |        S = %    |
[   17.517564] cloud-init[974]: |       . + @ +   |
[   17.517844] cloud-init[974]: |      . o B *    |
[   17.518144] cloud-init[974]: |     .=o *.. o   |
[   17.518418] cloud-init[974]: |    .ooBO+ .o    |
[   17.518697] cloud-init[974]: +----[SHA256]-----+
         Starting LXD - unix socket.
[[   17.518954] [0;32m  OK  [0mcloud-init] [974]: Started Daily Cleanup of Temporary Directories.Generating public/private dsa key pair.

[   17.530235] cloud-init[974]: Your identification has been saved in /etc/ssh/ssh_host_dsa_key.
[   17.530414] cloud-init[974]: Your public key has been saved in /etc/ssh/ssh_host_dsa_key.pub.
[   17.530695] cloud-init[974]: The key fingerprint is:
[   17.530988] cloud-init[974]: SHA256:4KPx23H5IkVUXIGzRaG5qpUDINxYD9oFmvkHt9FW/3c root@ubuntu-xenial
[   17.531262] cloud-init[974]: The key's randomart image is:
[   17.531541] cloud-init[974]: +---[DSA 1024]----+
[   17.531831] cloud-init[974]: |      +..  oo+=o |
[   17.532258] cloud-init[974]: |   . X + ...++.  |
[   17.532534] cloud-init[974]: |    O * +.o o+.  |
[   17.532828] cloud-init[974]: |     + = +. .. . |
[   17.533103] cloud-init[974]: |    . + S.  .   E|
[   17.533383] cloud-init[974]: |     + o ..+    o|
[   17.533665] cloud-init[974]: |    . . ..B      |
[   17.533959] cloud-init[974]: |       o.=.o     |
[   17.534237] cloud-init[974]: |      . o. ..    |
[   17.534516] cloud-init[974]: +----[SHA256]-----+
[   17.534814] cloud-init[974]: Generating public/private ecdsa key pair.
[   17.535090] cloud-init[974]: Your identification has been saved in /etc/ssh/ssh_host_ecdsa_key.
[   17.535370] cloud-init[974]: Your public key has been saved in /etc/ssh/ssh_host_ecdsa_key.pub.
[   17.535722] cloud-init[974]: The key fingerprint is:
[[0;32m  OK  [0m] Listening on ACPID Listen Socket.
[[   17.535860] cloud-init[974]: SHA256:h5Ot453+YjAsUWOzjv164QAKEy0WHbfiRS2keP2AtHs root@ubuntu-xenial
[   17.542861] cloud-init[974]: The key's randomart image is:
[   17.543125] cloud-init[974]: +---[ECDSA 256]---+
[   17.543405] cloud-init[974]: |  .+oo+.         |
[   17.543695] cloud-init[974]: |  +ooB..*        |
[   17.544054] cloud-init[974]: | ..o* =+ +       |
[   17.544651] cloud-init[974]: |  oo +oo.+       |
[   17.544920] cloud-init[974]: |   oo.EBS o      |
[   17.545200] cloud-init[974]: |    ..o B+.      |
[   17.545485] cloud-init[974]: |       .o* .     |
[   17.545768] cloud-init[974]: |       . o*.     |
[   17.546047] cloud-init[974]: |        o=+o.    |
[   17.546329] cloud-init[974]: +----[SHA256]-----+
[   17.548799] cloud-init[974]: Generating public/private ed25519 key pair.
[   17.549058] cloud-init[974]: Your identification has been saved in /etc/ssh/ssh_host_ed25519_key.
[   17.549315] cloud-init[974]: Your public key has been saved in /etc/ssh/ssh_host_ed25519_key.pub.
[   17.549588] cloud-init[974]: The key fingerprint is:
[   17.549845] cloud-init[974]: SHA256:YXo/QdgSdFwmfqxwiatbEr3/lSD4lZLtC5RoL+NzzB8 root@ubuntu-xenial
[   17.550113] cloud-init[974]: The key's randomart image is:
[0;32m  OK  [0m] Listening on UUID daemon activation socket.
[   17.550409] cloud-init[974]: +--[ED25519 256]--+
[   17.564350] cloud-init[974]: |       .o.o.o    |
[   17.564531] cloud-init[974]: [|         B.=     |[0;32m  OK  [0m
] Started ACPI Events Check.
[   17.564734] cloud-init[974]: |        B * o    |
[[0;32m  OK  [0m] Reached target Paths.
[   17.573224] cloud-init[974]: |       + X * .   |
[   17.574308] cloud-init[974]: |      o S O =    |
[   17.574505] [cloud-init[0;32m  OK  [0m[974]: ] |       = * * . . |Started Daily apt download activities.

[[   17.574551] [0;32m  OK  [0mcloud-init] [974]: Started Daily apt upgrade and clean activities.|      o =o* E o  |

[   17.592378] cloud-init[974]: |       =.++o +   |
[   17.592622] cloud-init[974]: [|      . .o.o+    |
[0;32m  OK  [0m] Reached target Timers.
[   17.592675] cloud-init[974]: +----[SHA256]-----+
[[0;32m  OK  [0m] Reached target Cloud-config availability.
[[0;32m  OK  [0m] Listening on Socket activation for snappy daemon.
[[0;32m  OK  [0m] Listening on LXD - unix socket.
[[0;32m  OK  [0m] Started iSCSI initiator daemon (iscsid).
         Starting Login to default iSCSI targets...
[[0;32m  OK  [0m] Reached target Sockets.
[[0;32m  OK  [0m] Reached target Basic System.
[[0;32m  OK  [0m] Started FUSE filesystem for LXC.
[[0;32m  OK  [0m] Started Regular background program processing daemon.
         Starting LXD - container startup/shutdown...
         Starting LSB: MD monitoring daemon...
         Starting /etc/rc.local Compatibility...
[[0;32m  OK  [0m] Started Deferred execution scheduler.
[[0;32m  OK  [0m] Started ACPI event daemon.
         Starting Accounts Service...
         Starting LSB: Record successful boot for GRUB...
         Starting System Logging Service...
         Starting Pollinate to seed the pseudo random number generator...
         Starting Virtualbox guest utils...
[[0;32m  OK  [0m] Started D-Bus System Message Bus.
         Starting Login Service...
         Starting Snappy daemon...
[[0;32m  OK  [0m] Started System Logging Service.
[[0;32m  OK  [0m] Started /etc/rc.local Compatibility.
[[0;32m  OK  [0m] Started Login to default iSCSI targets.
[[0;32m  OK  [0m] Started LXD - container startup/shutdown.
[[0;32m  OK  [0m] Started LSB: MD monitoring daemon.
[[0;32m  OK  [0m] Started LSB: Record successful boot for GRUB.
         Starting Authenticate and Authorize Users to Run Privileged Tasks...
[[0;32m  OK  [0m] Reached target Remote File Systems (Pre).
[[0;32m  OK  [0m] Reached target Remote File Systems.
         Starting LSB: daemon to balance interrupts for SMP systems...
         Starting LSB: Set the CPU Frequency Scaling governor to "ondemand"...
         Starting Permit User Sessions...
         Starting LSB: automatic crash report generation...
[[0;32m  OK  [0m] Started Login Service.
[[0;32m  OK  [0m] Started Authenticate and Authorize Users to Run Privileged Tasks.
[[0;32m  OK  [0m] Started Permit User Sessions.
[[0;32m  OK  [0m] Started Accounts Service.
[[0;32m  OK  [0m] Started Virtualbox guest utils.
         Starting Terminate Plymouth Boot Screen...
         Starting Hold until boot process finishes up...
[[0;32m  OK  [0m] Started Unattended Upgrades Shutdown.
[[0;32m  OK  [0m] Started LSB: Set the CPU Frequency Scaling governor to "ondemand".
[[0;32m  OK  [0m] Started LSB: automatic crash report generation.
[[0;32m  OK  [0m] Started LSB: daemon to balance interrupts for SMP systems.
[[0;32m  OK  [0m] Started Terminate Plymouth Boot Screen.
[[0;32m  OK  [0m] Started Hold until boot process finishes up.
[[0;32m  OK  [0m] Started Getty on tty1.
         Starting Set console scheme...
[[0;32m  OK  [0m] Started Serial Getty on ttyS0.
[[0;32m  OK  [0m] Reached target Login Prompts.
[[0;32m  OK  [0m] Started Set console scheme.
[[0;32m  OK  [0m] Started Snappy daemon.
         Starting Wait until snapd is fully seeded...
[[0;32m  OK  [0m] Started Pollinate to seed the pseudo random number generator.
         Starting OpenBSD Secure Shell server...
[[0;32m  OK  [0m] Started OpenBSD Secure Shell server.
[[0;32m  OK  [0m] Created slice User Slice of vagrant.
         Starting User Manager for UID 1000...
[[0;32m  OK  [0m] Started Session 1 of user vagrant.
[[0;32m  OK  [0m] Started User Manager for UID 1000.
[   24.394769] cloud-init[1510]: Generating locales (this might take a while)...

Ubuntu 16.04.6 LTS ubuntu-xenial ttyS0

ubuntu-xenial login: [   27.257242] cloud-init[1510]:   en_US.UTF-8... done
[   27.257832] cloud-init[1510]: Generation complete.
[   27.548269] cloud-init[1510]: Cloud-init v. 19.1-1-gbaa47854-0ubuntu1~16.04.1 running 'modules:config' at Tue, 07 Jul 2020 03:58:02 +0000. Up 24.25 seconds.
ci-info: no authorized ssh keys fingerprints found for user ubuntu.
<14>Jul  7 03:58:06 ec2: 
<14>Jul  7 03:58:06 ec2: #############################################################
<14>Jul  7 03:58:06 ec2: -----BEGIN SSH HOST KEY FINGERPRINTS-----
<14>Jul  7 03:58:06 ec2: 1024 SHA256:4KPx23H5IkVUXIGzRaG5qpUDINxYD9oFmvkHt9FW/3c root@ubuntu-xenial (DSA)
<14>Jul  7 03:58:06 ec2: 256 SHA256:h5Ot453+YjAsUWOzjv164QAKEy0WHbfiRS2keP2AtHs root@ubuntu-xenial (ECDSA)
<14>Jul  7 03:58:06 ec2: 256 SHA256:YXo/QdgSdFwmfqxwiatbEr3/lSD4lZLtC5RoL+NzzB8 root@ubuntu-xenial (ED25519)
<14>Jul  7 03:58:06 ec2: 2048 SHA256:VL/ptOuEBW+Iuk97Kh+7YtrzFW7MRXo5O4AAUYCpkGE root@ubuntu-xenial (RSA)
<14>Jul  7 03:58:06 ec2: -----END SSH HOST KEY FINGERPRINTS-----
<14>Jul  7 03:58:06 ec2: #############################################################
-----BEGIN SSH HOST KEY KEYS-----
ecdsa-sha2-nistp256 AAAAE2VjZHNhLXNoYTItbmlzdHAyNTYAAAAIbmlzdHAyNTYAAABBBCLDsuQqpMC1vQUyh2txkYk4x1K0rvAqo/AQBxKpFv8IrYwdjasJwaj+G/n/RfjQm8CTi4dBur/aC4PRTB40fSM= root@ubuntu-xenial
ssh-ed25519 AAAAC3NzaC1lZDI1NTE5AAAAILO/UDSgn7Xyf6a+6dR5reai6vHff7olog5kQWb+GwcW root@ubuntu-xenial
ssh-rsa AAAAB3NzaC1yc2EAAAADAQABAAABAQDGQY84JRoxiOqm/BkXy5js2Mlx8QqOwHJtWYV+nm0sBQ+hOluCAQnwESwDM2qDh09x5CQ2I/lltes89TAgBKkVfbrIHDPdwanUBvmV3CzjxdgmVfHYs5SaCELi6nWiEialU/cSuXBGMePDbi1YsJV+4w6u9unx4HOr5Q1qoh/rL6Oil0iQaqWBgkhP8WpF5w5tZHeGPSy5OO5vMKdKcGxnpFzd9NJeuuV6Wsc/XakXQP5SLPVAi4xrY/7q0Ic/Ywyo+EYe9dq6LpoNLHmeJjfz4vjD5I5zkBOMvIu0rs+yub0mrSDMUSXKIPMAiAuN9s+FYVtADUfttOe4GEEr2xGJ root@ubuntu-xenial
-----END SSH HOST KEY KEYS-----
[   28.164439] cloud-init[1679]: Cloud-init v. 19.1-1-gbaa47854-0ubuntu1~16.04.1 running 'modules:final' at Tue, 07 Jul 2020 03:58:06 +0000. Up 27.96 seconds.
[   28.165899] cloud-init[1679]: ci-info: no authorized ssh keys fingerprints found for user ubuntu.
[   28.166660] cloud-init[1679]: Cloud-init v. 19.1-1-gbaa47854-0ubuntu1~16.04.1 finished at Tue, 07 Jul 2020 03:58:06 +0000. Datasource DataSourceNoCloud [seed=/dev/sdb][dsmode=net].  Up 28.14 seconds
